// Jest Snapshot v1, https://goo.gl/fbAQLP

exports[`NoteMain renders the component as expected 1`] = `
<p>
  Loading Notes...
</p>
`;
